INFO:     Started server process [26716]
INFO:     Waiting for application startup.
2026-07-17 06:55:32,460 [INFO] manytv.worker: Worker loop started (max concurrency = 1).
2026-07-17 06:55:32,579 [INFO] httpx: HTTP Request: GET http://127.0.0.1:8188/system_stats "HTTP/1.1 200 OK"
2026-07-17 06:55:32,579 [INFO] manytv.app: Connected to ComfyUI at http://127.0.0.1:8188
INFO:     Application startup complete.
INFO:     Uvicorn running on http://127.0.0.1:8003 (Press CTRL+C to quit)
2026-07-17 06:55:42,306 [INFO] manytv.worker: Queued job fb4850f6-17c8-4798-881f-6321b45413b5 (storyboard); 0 job(s) ahead of it.
INFO:     127.0.0.1:58286 - "POST /api/storyboard HTTP/1.1" 200 OK
2026-07-17 06:55:42,306 [INFO] manytv.worker: Starting job fb4850f6-17c8-4798-881f-6321b45413b5 (storyboard).
2026-07-17 06:55:42,417 [INFO] httpx: HTTP Request: GET http://127.0.0.1:8188/system_stats "HTTP/1.1 200 OK"
2026-07-17 06:55:42,628 [INFO] httpx: HTTP Request: POST http://127.0.0.1:8188/prompt "HTTP/1.1 200 OK"
2026-07-17 06:55:42,628 [INFO] manytv.api.storyboard: Job fb4850f6-17c8-4798-881f-6321b45413b5: shot 0 queued as ComfyUI prompt b9f7c443-27ee-4212-8b7b-e3ceca5ad104
2026-07-17 06:55:44,355 [INFO] manytv.api.storyboard: Job fb4850f6-17c8-4798-881f-6321b45413b5 shot 0: step 1/20
2026-07-17 06:55:45,510 [INFO] manytv.api.storyboard: Job fb4850f6-17c8-4798-881f-6321b45413b5 shot 0: step 2/20
2026-07-17 06:55:46,721 [INFO] manytv.api.storyboard: Job fb4850f6-17c8-4798-881f-6321b45413b5 shot 0: step 3/20
2026-07-17 06:55:47,926 [INFO] manytv.api.storyboard: Job fb4850f6-17c8-4798-881f-6321b45413b5 shot 0: step 4/20
2026-07-17 06:55:49,092 [INFO] manytv.api.storyboard: Job fb4850f6-17c8-4798-881f-6321b45413b5 shot 0: step 5/20
2026-07-17 06:55:50,318 [INFO] manytv.api.storyboard: Job fb4850f6-17c8-4798-881f-6321b45413b5 shot 0: step 6/20
2026-07-17 06:55:51,584 [INFO] manytv.api.storyboard: Job fb4850f6-17c8-4798-881f-6321b45413b5 shot 0: step 7/20
2026-07-17 06:55:52,714 [INFO] manytv.api.storyboard: Job fb4850f6-17c8-4798-881f-6321b45413b5 shot 0: step 8/20
2026-07-17 06:55:53,888 [INFO] manytv.api.storyboard: Job fb4850f6-17c8-4798-881f-6321b45413b5 shot 0: step 9/20
2026-07-17 06:55:55,188 [INFO] manytv.api.storyboard: Job fb4850f6-17c8-4798-881f-6321b45413b5 shot 0: step 10/20
2026-07-17 06:55:56,260 [INFO] manytv.api.storyboard: Job fb4850f6-17c8-4798-881f-6321b45413b5 shot 0: step 11/20
2026-07-17 06:55:57,452 [INFO] manytv.api.storyboard: Job fb4850f6-17c8-4798-881f-6321b45413b5 shot 0: step 12/20
2026-07-17 06:55:58,736 [INFO] manytv.api.storyboard: Job fb4850f6-17c8-4798-881f-6321b45413b5 shot 0: step 13/20
2026-07-17 06:55:59,828 [INFO] manytv.api.storyboard: Job fb4850f6-17c8-4798-881f-6321b45413b5 shot 0: step 14/20
2026-07-17 06:56:01,047 [INFO] manytv.api.storyboard: Job fb4850f6-17c8-4798-881f-6321b45413b5 shot 0: step 15/20
2026-07-17 06:56:02,316 [INFO] manytv.api.storyboard: Job fb4850f6-17c8-4798-881f-6321b45413b5 shot 0: step 16/20
2026-07-17 06:56:03,434 [INFO] manytv.api.storyboard: Job fb4850f6-17c8-4798-881f-6321b45413b5 shot 0: step 17/20
2026-07-17 06:56:04,595 [INFO] manytv.api.storyboard: Job fb4850f6-17c8-4798-881f-6321b45413b5 shot 0: step 18/20
2026-07-17 06:56:05,786 [INFO] manytv.api.storyboard: Job fb4850f6-17c8-4798-881f-6321b45413b5 shot 0: step 19/20
2026-07-17 06:56:08,074 [INFO] manytv.api.storyboard: Job fb4850f6-17c8-4798-881f-6321b45413b5 shot 0: step 20/20
2026-07-17 06:56:09,628 [INFO] manytv.api.storyboard: Job fb4850f6-17c8-4798-881f-6321b45413b5 shot 0: step 1/16
2026-07-17 06:56:09,761 [INFO] manytv.api.storyboard: Job fb4850f6-17c8-4798-881f-6321b45413b5 shot 0: step 2/16
2026-07-17 06:56:09,844 [INFO] manytv.api.storyboard: Job fb4850f6-17c8-4798-881f-6321b45413b5 shot 0: step 16/16
2026-07-17 06:56:10,229 [INFO] httpx: HTTP Request: GET http://127.0.0.1:8188/history/b9f7c443-27ee-4212-8b7b-e3ceca5ad104 "HTTP/1.1 200 OK"
2026-07-17 06:56:10,344 [INFO] httpx: HTTP Request: GET http://127.0.0.1:8188/view?filename=ManyTV_00002.mp4&subfolder=&type=output "HTTP/1.1 200 OK"
2026-07-17 06:56:10,449 [INFO] manytv.api.storyboard: Job fb4850f6-17c8-4798-881f-6321b45413b5 shot 0 done: 1 file(s) saved to output\fb4850f6-17c8-4798-881f-6321b45413b5\shot_000
2026-07-17 06:56:10,574 [INFO] httpx: HTTP Request: POST http://127.0.0.1:8188/prompt "HTTP/1.1 200 OK"
2026-07-17 06:56:10,579 [INFO] manytv.api.storyboard: Job fb4850f6-17c8-4798-881f-6321b45413b5: shot 1 queued as ComfyUI prompt eea673c3-1660-4dec-94a4-b6817ac0bb6f
2026-07-17 06:57:00,574 [ERROR] manytv.worker: Job fb4850f6-17c8-4798-881f-6321b45413b5 failed.
TimeoutError: timed out while closing connection

The above exception was the direct cause of the following exception:

Traceback (most recent call last):
  File "D:\NewProjects\ManyTV\backend\core\comfyui_client.py", line 70, in wait_for_completion
    raw = await ws.recv()
          ^^^^^^^^^^^^^^^
  File "D:\NewProjects\ManyTV\.venv\Lib\site-packages\websockets\asyncio\connection.py", line 324, in recv
    raise self.protocol.close_exc from self.recv_exc
websockets.exceptions.ConnectionClosedError: sent 1011 (internal error) keepalive ping timeout; no close frame received

The above exception was the direct cause of the following exception:

Traceback (most recent call last):
  File "D:\NewProjects\ManyTV\backend\core\worker.py", line 99, in _run
    job.result = await handler(job)
                 ^^^^^^^^^^^^^^^^^^
  File "D:\NewProjects\ManyTV\backend\api\routes\storyboard.py", line 114, in _run_storyboard_job
    history = await asyncio.wait_for(
              ^^^^^^^^^^^^^^^^^^^^^^^
  File "C:\Users\hokph\AppData\Local\Programs\Python\Python312\Lib\asyncio\tasks.py", line 520, in wait_for
    return await fut
           ^^^^^^^^^
  File "D:\NewProjects\ManyTV\backend\core\comfyui_client.py", line 91, in wait_for_completion
    raise ComfyUIError(f"Lost connection to ComfyUI WebSocket at {ws_url}") from exc
backend.core.comfyui_client.ComfyUIError: Lost connection to ComfyUI WebSocket at ws://127.0.0.1:8188/ws?clientId=manytv-backend
INFO:     127.0.0.1:51533 - "GET /api/jobs/fb4850f6-17c8-4798-881f-6321b45413b5 HTTP/1.1" 200 OK
